{
	"frames": {
		"Flying_yellow_00000.png": {
			"frame": {
				"x": 1,
				"y": 1,
				"w": 100,
				"h": 100
			},
			"rotated": false,
			"trimmed": false,
			"spriteSourceSize": {
				"x": 0,
				"y": 0,
				"w": 100,
				"h": 100
			},
			"sourceSize": {
				"w": 100,
				"h": 100
			}
		},
		"Flying_yellow_00001.png": {
			"frame": {
				"x": 103,
				"y": 1,
				"w": 100,
				"h": 100
			},
			"rotated": false,
			"trimmed": false,
			"spriteSourceSize": {
				"x": 0,
				"y": 0,
				"w": 100,
				"h": 100
			},
			"sourceSize": {
				"w": 100,
				"h": 100
			}
		},
		"Flying_yellow_00002.png": {
			"frame": {
				"x": 205,
				"y": 1,
				"w": 100,
				"h": 100
			},
			"rotated": false,
			"trimmed": false,
			"spriteSourceSize": {
				"x": 0,
				"y": 0,
				"w": 100,
				"h": 100
			},
			"sourceSize": {
				"w": 100,
				"h": 100
			}
		},
		"Flying_yellow_00003.png": {
			"frame": {
				"x": 307,
				"y": 1,
				"w": 100,
				"h": 100
			},
			"rotated": false,
			"trimmed": false,
			"spriteSourceSize": {
				"x": 0,
				"y": 0,
				"w": 100,
				"h": 100
			},
			"sourceSize": {
				"w": 100,
				"h": 100
			}
		},
		"Flying_yellow_00004.png": {
			"frame": {
				"x": 409,
				"y": 1,
				"w": 100,
				"h": 100
			},
			"rotated": false,
			"trimmed": false,
			"spriteSourceSize": {
				"x": 0,
				"y": 0,
				"w": 100,
				"h": 100
			},
			"sourceSize": {
				"w": 100,
				"h": 100
			}
		},
		"Flying_yellow_00005.png": {
			"frame": {
				"x": 511,
				"y": 1,
				"w": 100,
				"h": 100
			},
			"rotated": false,
			"trimmed": false,
			"spriteSourceSize": {
				"x": 0,
				"y": 0,
				"w": 100,
				"h": 100
			},
			"sourceSize": {
				"w": 100,
				"h": 100
			}
		},
		"Flying_yellow_00006.png": {
			"frame": {
				"x": 613,
				"y": 1,
				"w": 100,
				"h": 100
			},
			"rotated": false,
			"trimmed": false,
			"spriteSourceSize": {
				"x": 0,
				"y": 0,
				"w": 100,
				"h": 100
			},
			"sourceSize": {
				"w": 100,
				"h": 100
			}
		},
		"Flying_yellow_00007.png": {
			"frame": {
				"x": 715,
				"y": 1,
				"w": 100,
				"h": 100
			},
			"rotated": false,
			"trimmed": false,
			"spriteSourceSize": {
				"x": 0,
				"y": 0,
				"w": 100,
				"h": 100
			},
			"sourceSize": {
				"w": 100,
				"h": 100
			}
		},
		"Flying_yellow_00008.png": {
			"frame": {
				"x": 817,
				"y": 1,
				"w": 100,
				"h": 100
			},
			"rotated": false,
			"trimmed": false,
			"spriteSourceSize": {
				"x": 0,
				"y": 0,
				"w": 100,
				"h": 100
			},
			"sourceSize": {
				"w": 100,
				"h": 100
			}
		},
		"Flying_yellow_00009.png": {
			"frame": {
				"x": 1,
				"y": 103,
				"w": 100,
				"h": 100
			},
			"rotated": false,
			"trimmed": false,
			"spriteSourceSize": {
				"x": 0,
				"y": 0,
				"w": 100,
				"h": 100
			},
			"sourceSize": {
				"w": 100,
				"h": 100
			}
		},
		"Flying_yellow_00010.png": {
			"frame": {
				"x": 103,
				"y": 103,
				"w": 100,
				"h": 100
			},
			"rotated": false,
			"trimmed": false,
			"spriteSourceSize": {
				"x": 0,
				"y": 0,
				"w": 100,
				"h": 100
			},
			"sourceSize": {
				"w": 100,
				"h": 100
			}
		},
		"Flying_yellow_00011.png": {
			"frame": {
				"x": 205,
				"y": 103,
				"w": 100,
				"h": 100
			},
			"rotated": false,
			"trimmed": false,
			"spriteSourceSize": {
				"x": 0,
				"y": 0,
				"w": 100,
				"h": 100
			},
			"sourceSize": {
				"w": 100,
				"h": 100
			}
		},
		"Flying_yellow_00012.png": {
			"frame": {
				"x": 307,
				"y": 103,
				"w": 100,
				"h": 100
			},
			"rotated": false,
			"trimmed": false,
			"spriteSourceSize": {
				"x": 0,
				"y": 0,
				"w": 100,
				"h": 100
			},
			"sourceSize": {
				"w": 100,
				"h": 100
			}
		},
		"Flying_yellow_00013.png": {
			"frame": {
				"x": 409,
				"y": 103,
				"w": 100,
				"h": 100
			},
			"rotated": false,
			"trimmed": false,
			"spriteSourceSize": {
				"x": 0,
				"y": 0,
				"w": 100,
				"h": 100
			},
			"sourceSize": {
				"w": 100,
				"h": 100
			}
		},
		"Flying_yellow_00014.png": {
			"frame": {
				"x": 511,
				"y": 103,
				"w": 100,
				"h": 100
			},
			"rotated": false,
			"trimmed": false,
			"spriteSourceSize": {
				"x": 0,
				"y": 0,
				"w": 100,
				"h": 100
			},
			"sourceSize": {
				"w": 100,
				"h": 100
			}
		},
		"idle_1_yellow_00000.png": {
			"frame": {
				"x": 613,
				"y": 103,
				"w": 100,
				"h": 100
			},
			"rotated": false,
			"trimmed": false,
			"spriteSourceSize": {
				"x": 0,
				"y": 0,
				"w": 100,
				"h": 100
			},
			"sourceSize": {
				"w": 100,
				"h": 100
			}
		},
		"idle_1_yellow_00001.png": {
			"frame": {
				"x": 715,
				"y": 103,
				"w": 100,
				"h": 100
			},
			"rotated": false,
			"trimmed": false,
			"spriteSourceSize": {
				"x": 0,
				"y": 0,
				"w": 100,
				"h": 100
			},
			"sourceSize": {
				"w": 100,
				"h": 100
			}
		},
		"idle_1_yellow_00002.png": {
			"frame": {
				"x": 817,
				"y": 103,
				"w": 100,
				"h": 100
			},
			"rotated": false,
			"trimmed": false,
			"spriteSourceSize": {
				"x": 0,
				"y": 0,
				"w": 100,
				"h": 100
			},
			"sourceSize": {
				"w": 100,
				"h": 100
			}
		},
		"idle_1_yellow_00003.png": {
			"frame": {
				"x": 1,
				"y": 205,
				"w": 100,
				"h": 100
			},
			"rotated": false,
			"trimmed": false,
			"spriteSourceSize": {
				"x": 0,
				"y": 0,
				"w": 100,
				"h": 100
			},
			"sourceSize": {
				"w": 100,
				"h": 100
			}
		},
		"idle_1_yellow_00004.png": {
			"frame": {
				"x": 103,
				"y": 205,
				"w": 100,
				"h": 100
			},
			"rotated": false,
			"trimmed": false,
			"spriteSourceSize": {
				"x": 0,
				"y": 0,
				"w": 100,
				"h": 100
			},
			"sourceSize": {
				"w": 100,
				"h": 100
			}
		},
		"idle_1_yellow_00005.png": {
			"frame": {
				"x": 205,
				"y": 205,
				"w": 100,
				"h": 100
			},
			"rotated": false,
			"trimmed": false,
			"spriteSourceSize": {
				"x": 0,
				"y": 0,
				"w": 100,
				"h": 100
			},
			"sourceSize": {
				"w": 100,
				"h": 100
			}
		},
		"idle_1_yellow_00006.png": {
			"frame": {
				"x": 307,
				"y": 205,
				"w": 100,
				"h": 100
			},
			"rotated": false,
			"trimmed": false,
			"spriteSourceSize": {
				"x": 0,
				"y": 0,
				"w": 100,
				"h": 100
			},
			"sourceSize": {
				"w": 100,
				"h": 100
			}
		},
		"idle_1_yellow_00007.png": {
			"frame": {
				"x": 409,
				"y": 205,
				"w": 100,
				"h": 100
			},
			"rotated": false,
			"trimmed": false,
			"spriteSourceSize": {
				"x": 0,
				"y": 0,
				"w": 100,
				"h": 100
			},
			"sourceSize": {
				"w": 100,
				"h": 100
			}
		},
		"idle_1_yellow_00008.png": {
			"frame": {
				"x": 511,
				"y": 205,
				"w": 100,
				"h": 100
			},
			"rotated": false,
			"trimmed": false,
			"spriteSourceSize": {
				"x": 0,
				"y": 0,
				"w": 100,
				"h": 100
			},
			"sourceSize": {
				"w": 100,
				"h": 100
			}
		},
		"idle_1_yellow_00009.png": {
			"frame": {
				"x": 613,
				"y": 205,
				"w": 100,
				"h": 100
			},
			"rotated": false,
			"trimmed": false,
			"spriteSourceSize": {
				"x": 0,
				"y": 0,
				"w": 100,
				"h": 100
			},
			"sourceSize": {
				"w": 100,
				"h": 100
			}
		},
		"idle_1_yellow_00010.png": {
			"frame": {
				"x": 715,
				"y": 205,
				"w": 100,
				"h": 100
			},
			"rotated": false,
			"trimmed": false,
			"spriteSourceSize": {
				"x": 0,
				"y": 0,
				"w": 100,
				"h": 100
			},
			"sourceSize": {
				"w": 100,
				"h": 100
			}
		},
		"idle_1_yellow_00011.png": {
			"frame": {
				"x": 817,
				"y": 205,
				"w": 100,
				"h": 100
			},
			"rotated": false,
			"trimmed": false,
			"spriteSourceSize": {
				"x": 0,
				"y": 0,
				"w": 100,
				"h": 100
			},
			"sourceSize": {
				"w": 100,
				"h": 100
			}
		},
		"idle_1_yellow_00012.png": {
			"frame": {
				"x": 1,
				"y": 307,
				"w": 100,
				"h": 100
			},
			"rotated": false,
			"trimmed": false,
			"spriteSourceSize": {
				"x": 0,
				"y": 0,
				"w": 100,
				"h": 100
			},
			"sourceSize": {
				"w": 100,
				"h": 100
			}
		},
		"idle_1_yellow_00013.png": {
			"frame": {
				"x": 103,
				"y": 307,
				"w": 100,
				"h": 100
			},
			"rotated": false,
			"trimmed": false,
			"spriteSourceSize": {
				"x": 0,
				"y": 0,
				"w": 100,
				"h": 100
			},
			"sourceSize": {
				"w": 100,
				"h": 100
			}
		},
		"idle_1_yellow_00014.png": {
			"frame": {
				"x": 205,
				"y": 307,
				"w": 100,
				"h": 100
			},
			"rotated": false,
			"trimmed": false,
			"spriteSourceSize": {
				"x": 0,
				"y": 0,
				"w": 100,
				"h": 100
			},
			"sourceSize": {
				"w": 100,
				"h": 100
			}
		},
		"idle_1_yellow_00015.png": {
			"frame": {
				"x": 307,
				"y": 307,
				"w": 100,
				"h": 100
			},
			"rotated": false,
			"trimmed": false,
			"spriteSourceSize": {
				"x": 0,
				"y": 0,
				"w": 100,
				"h": 100
			},
			"sourceSize": {
				"w": 100,
				"h": 100
			}
		},
		"idle_1_yellow_00016.png": {
			"frame": {
				"x": 409,
				"y": 307,
				"w": 100,
				"h": 100
			},
			"rotated": false,
			"trimmed": false,
			"spriteSourceSize": {
				"x": 0,
				"y": 0,
				"w": 100,
				"h": 100
			},
			"sourceSize": {
				"w": 100,
				"h": 100
			}
		},
		"idle_1_yellow_00017.png": {
			"frame": {
				"x": 511,
				"y": 307,
				"w": 100,
				"h": 100
			},
			"rotated": false,
			"trimmed": false,
			"spriteSourceSize": {
				"x": 0,
				"y": 0,
				"w": 100,
				"h": 100
			},
			"sourceSize": {
				"w": 100,
				"h": 100
			}
		},
		"idle_1_yellow_00018.png": {
			"frame": {
				"x": 613,
				"y": 307,
				"w": 100,
				"h": 100
			},
			"rotated": false,
			"trimmed": false,
			"spriteSourceSize": {
				"x": 0,
				"y": 0,
				"w": 100,
				"h": 100
			},
			"sourceSize": {
				"w": 100,
				"h": 100
			}
		},
		"idle_1_yellow_00019.png": {
			"frame": {
				"x": 715,
				"y": 307,
				"w": 100,
				"h": 100
			},
			"rotated": false,
			"trimmed": false,
			"spriteSourceSize": {
				"x": 0,
				"y": 0,
				"w": 100,
				"h": 100
			},
			"sourceSize": {
				"w": 100,
				"h": 100
			}
		},
		"idle_1_yellow_00020.png": {
			"frame": {
				"x": 817,
				"y": 307,
				"w": 100,
				"h": 100
			},
			"rotated": false,
			"trimmed": false,
			"spriteSourceSize": {
				"x": 0,
				"y": 0,
				"w": 100,
				"h": 100
			},
			"sourceSize": {
				"w": 100,
				"h": 100
			}
		},
		"idle_1_yellow_00021.png": {
			"frame": {
				"x": 1,
				"y": 409,
				"w": 100,
				"h": 100
			},
			"rotated": false,
			"trimmed": false,
			"spriteSourceSize": {
				"x": 0,
				"y": 0,
				"w": 100,
				"h": 100
			},
			"sourceSize": {
				"w": 100,
				"h": 100
			}
		},
		"idle_1_yellow_00022.png": {
			"frame": {
				"x": 103,
				"y": 409,
				"w": 100,
				"h": 100
			},
			"rotated": false,
			"trimmed": false,
			"spriteSourceSize": {
				"x": 0,
				"y": 0,
				"w": 100,
				"h": 100
			},
			"sourceSize": {
				"w": 100,
				"h": 100
			}
		},
		"idle_1_yellow_00023.png": {
			"frame": {
				"x": 205,
				"y": 409,
				"w": 100,
				"h": 100
			},
			"rotated": false,
			"trimmed": false,
			"spriteSourceSize": {
				"x": 0,
				"y": 0,
				"w": 100,
				"h": 100
			},
			"sourceSize": {
				"w": 100,
				"h": 100
			}
		},
		"idle_1_yellow_00024.png": {
			"frame": {
				"x": 307,
				"y": 409,
				"w": 100,
				"h": 100
			},
			"rotated": false,
			"trimmed": false,
			"spriteSourceSize": {
				"x": 0,
				"y": 0,
				"w": 100,
				"h": 100
			},
			"sourceSize": {
				"w": 100,
				"h": 100
			}
		},
		"idle_1_yellow_00025.png": {
			"frame": {
				"x": 409,
				"y": 409,
				"w": 100,
				"h": 100
			},
			"rotated": false,
			"trimmed": false,
			"spriteSourceSize": {
				"x": 0,
				"y": 0,
				"w": 100,
				"h": 100
			},
			"sourceSize": {
				"w": 100,
				"h": 100
			}
		},
		"idle_2_yellow_00000.png": {
			"frame": {
				"x": 511,
				"y": 409,
				"w": 100,
				"h": 100
			},
			"rotated": false,
			"trimmed": false,
			"spriteSourceSize": {
				"x": 0,
				"y": 0,
				"w": 100,
				"h": 100
			},
			"sourceSize": {
				"w": 100,
				"h": 100
			}
		},
		"idle_2_yellow_00001.png": {
			"frame": {
				"x": 613,
				"y": 409,
				"w": 100,
				"h": 100
			},
			"rotated": false,
			"trimmed": false,
			"spriteSourceSize": {
				"x": 0,
				"y": 0,
				"w": 100,
				"h": 100
			},
			"sourceSize": {
				"w": 100,
				"h": 100
			}
		},
		"idle_2_yellow_00002.png": {
			"frame": {
				"x": 715,
				"y": 409,
				"w": 100,
				"h": 100
			},
			"rotated": false,
			"trimmed": false,
			"spriteSourceSize": {
				"x": 0,
				"y": 0,
				"w": 100,
				"h": 100
			},
			"sourceSize": {
				"w": 100,
				"h": 100
			}
		},
		"idle_2_yellow_00003.png": {
			"frame": {
				"x": 817,
				"y": 409,
				"w": 100,
				"h": 100
			},
			"rotated": false,
			"trimmed": false,
			"spriteSourceSize": {
				"x": 0,
				"y": 0,
				"w": 100,
				"h": 100
			},
			"sourceSize": {
				"w": 100,
				"h": 100
			}
		},
		"idle_2_yellow_00004.png": {
			"frame": {
				"x": 1,
				"y": 511,
				"w": 100,
				"h": 100
			},
			"rotated": false,
			"trimmed": false,
			"spriteSourceSize": {
				"x": 0,
				"y": 0,
				"w": 100,
				"h": 100
			},
			"sourceSize": {
				"w": 100,
				"h": 100
			}
		},
		"idle_2_yellow_00005.png": {
			"frame": {
				"x": 103,
				"y": 511,
				"w": 100,
				"h": 100
			},
			"rotated": false,
			"trimmed": false,
			"spriteSourceSize": {
				"x": 0,
				"y": 0,
				"w": 100,
				"h": 100
			},
			"sourceSize": {
				"w": 100,
				"h": 100
			}
		},
		"idle_2_yellow_00006.png": {
			"frame": {
				"x": 205,
				"y": 511,
				"w": 100,
				"h": 100
			},
			"rotated": false,
			"trimmed": false,
			"spriteSourceSize": {
				"x": 0,
				"y": 0,
				"w": 100,
				"h": 100
			},
			"sourceSize": {
				"w": 100,
				"h": 100
			}
		},
		"idle_2_yellow_00007.png": {
			"frame": {
				"x": 307,
				"y": 511,
				"w": 100,
				"h": 100
			},
			"rotated": false,
			"trimmed": false,
			"spriteSourceSize": {
				"x": 0,
				"y": 0,
				"w": 100,
				"h": 100
			},
			"sourceSize": {
				"w": 100,
				"h": 100
			}
		},
		"idle_2_yellow_00008.png": {
			"frame": {
				"x": 409,
				"y": 511,
				"w": 100,
				"h": 100
			},
			"rotated": false,
			"trimmed": false,
			"spriteSourceSize": {
				"x": 0,
				"y": 0,
				"w": 100,
				"h": 100
			},
			"sourceSize": {
				"w": 100,
				"h": 100
			}
		},
		"transform_yellow_00000.png": {
			"frame": {
				"x": 511,
				"y": 511,
				"w": 110,
				"h": 100
			},
			"rotated": false,
			"trimmed": false,
			"spriteSourceSize": {
				"x": 0,
				"y": 0,
				"w": 110,
				"h": 100
			},
			"sourceSize": {
				"w": 110,
				"h": 100
			}
		},
		"transform_yellow_00001.png": {
			"frame": {
				"x": 623,
				"y": 511,
				"w": 110,
				"h": 100
			},
			"rotated": false,
			"trimmed": false,
			"spriteSourceSize": {
				"x": 0,
				"y": 0,
				"w": 110,
				"h": 100
			},
			"sourceSize": {
				"w": 110,
				"h": 100
			}
		},
		"transform_yellow_00002.png": {
			"frame": {
				"x": 735,
				"y": 511,
				"w": 110,
				"h": 100
			},
			"rotated": false,
			"trimmed": false,
			"spriteSourceSize": {
				"x": 0,
				"y": 0,
				"w": 110,
				"h": 100
			},
			"sourceSize": {
				"w": 110,
				"h": 100
			}
		},
		"transform_yellow_00003.png": {
			"frame": {
				"x": 1,
				"y": 613,
				"w": 110,
				"h": 100
			},
			"rotated": false,
			"trimmed": false,
			"spriteSourceSize": {
				"x": 0,
				"y": 0,
				"w": 110,
				"h": 100
			},
			"sourceSize": {
				"w": 110,
				"h": 100
			}
		},
		"transform_yellow_00004.png": {
			"frame": {
				"x": 113,
				"y": 613,
				"w": 110,
				"h": 100
			},
			"rotated": false,
			"trimmed": false,
			"spriteSourceSize": {
				"x": 0,
				"y": 0,
				"w": 110,
				"h": 100
			},
			"sourceSize": {
				"w": 110,
				"h": 100
			}
		},
		"transform_yellow_00005.png": {
			"frame": {
				"x": 225,
				"y": 613,
				"w": 110,
				"h": 100
			},
			"rotated": false,
			"trimmed": false,
			"spriteSourceSize": {
				"x": 0,
				"y": 0,
				"w": 110,
				"h": 100
			},
			"sourceSize": {
				"w": 110,
				"h": 100
			}
		},
		"transform_yellow_00006.png": {
			"frame": {
				"x": 337,
				"y": 613,
				"w": 110,
				"h": 100
			},
			"rotated": false,
			"trimmed": false,
			"spriteSourceSize": {
				"x": 0,
				"y": 0,
				"w": 110,
				"h": 100
			},
			"sourceSize": {
				"w": 110,
				"h": 100
			}
		},
		"transform_yellow_00007.png": {
			"frame": {
				"x": 449,
				"y": 613,
				"w": 110,
				"h": 100
			},
			"rotated": false,
			"trimmed": false,
			"spriteSourceSize": {
				"x": 0,
				"y": 0,
				"w": 110,
				"h": 100
			},
			"sourceSize": {
				"w": 110,
				"h": 100
			}
		},
		"transform_yellow_00008.png": {
			"frame": {
				"x": 561,
				"y": 613,
				"w": 110,
				"h": 100
			},
			"rotated": false,
			"trimmed": false,
			"spriteSourceSize": {
				"x": 0,
				"y": 0,
				"w": 110,
				"h": 100
			},
			"sourceSize": {
				"w": 110,
				"h": 100
			}
		},
		"transform_yellow_00009.png": {
			"frame": {
				"x": 673,
				"y": 613,
				"w": 110,
				"h": 100
			},
			"rotated": false,
			"trimmed": false,
			"spriteSourceSize": {
				"x": 0,
				"y": 0,
				"w": 110,
				"h": 100
			},
			"sourceSize": {
				"w": 110,
				"h": 100
			}
		},
		"transform_yellow_00010.png": {
			"frame": {
				"x": 785,
				"y": 613,
				"w": 110,
				"h": 100
			},
			"rotated": false,
			"trimmed": false,
			"spriteSourceSize": {
				"x": 0,
				"y": 0,
				"w": 110,
				"h": 100
			},
			"sourceSize": {
				"w": 110,
				"h": 100
			}
		},
		"transform_yellow_00011.png": {
			"frame": {
				"x": 1,
				"y": 715,
				"w": 110,
				"h": 100
			},
			"rotated": false,
			"trimmed": false,
			"spriteSourceSize": {
				"x": 0,
				"y": 0,
				"w": 110,
				"h": 100
			},
			"sourceSize": {
				"w": 110,
				"h": 100
			}
		},
		"transform_yellow_00012.png": {
			"frame": {
				"x": 113,
				"y": 715,
				"w": 110,
				"h": 100
			},
			"rotated": false,
			"trimmed": false,
			"spriteSourceSize": {
				"x": 0,
				"y": 0,
				"w": 110,
				"h": 100
			},
			"sourceSize": {
				"w": 110,
				"h": 100
			}
		},
		"transform_yellow_00013.png": {
			"frame": {
				"x": 225,
				"y": 715,
				"w": 110,
				"h": 100
			},
			"rotated": false,
			"trimmed": false,
			"spriteSourceSize": {
				"x": 0,
				"y": 0,
				"w": 110,
				"h": 100
			},
			"sourceSize": {
				"w": 110,
				"h": 100
			}
		},
		"transform_yellow_00014.png": {
			"frame": {
				"x": 337,
				"y": 715,
				"w": 110,
				"h": 100
			},
			"rotated": false,
			"trimmed": false,
			"spriteSourceSize": {
				"x": 0,
				"y": 0,
				"w": 110,
				"h": 100
			},
			"sourceSize": {
				"w": 110,
				"h": 100
			}
		},
		"transform_yellow_00015.png": {
			"frame": {
				"x": 449,
				"y": 715,
				"w": 110,
				"h": 100
			},
			"rotated": false,
			"trimmed": false,
			"spriteSourceSize": {
				"x": 0,
				"y": 0,
				"w": 110,
				"h": 100
			},
			"sourceSize": {
				"w": 110,
				"h": 100
			}
		},
		"transform_yellow_00016.png": {
			"frame": {
				"x": 561,
				"y": 715,
				"w": 110,
				"h": 100
			},
			"rotated": false,
			"trimmed": false,
			"spriteSourceSize": {
				"x": 0,
				"y": 0,
				"w": 110,
				"h": 100
			},
			"sourceSize": {
				"w": 110,
				"h": 100
			}
		},
		"transform_yellow_00017.png": {
			"frame": {
				"x": 673,
				"y": 715,
				"w": 110,
				"h": 100
			},
			"rotated": false,
			"trimmed": false,
			"spriteSourceSize": {
				"x": 0,
				"y": 0,
				"w": 110,
				"h": 100
			},
			"sourceSize": {
				"w": 110,
				"h": 100
			}
		},
		"transform_yellow_00018.png": {
			"frame": {
				"x": 785,
				"y": 715,
				"w": 110,
				"h": 100
			},
			"rotated": false,
			"trimmed": false,
			"spriteSourceSize": {
				"x": 0,
				"y": 0,
				"w": 110,
				"h": 100
			},
			"sourceSize": {
				"w": 110,
				"h": 100
			}
		},
		"transform_yellow_00019.png": {
			"frame": {
				"x": 1,
				"y": 817,
				"w": 110,
				"h": 100
			},
			"rotated": false,
			"trimmed": false,
			"spriteSourceSize": {
				"x": 0,
				"y": 0,
				"w": 110,
				"h": 100
			},
			"sourceSize": {
				"w": 110,
				"h": 100
			}
		},
		"transform_yellow_00020.png": {
			"frame": {
				"x": 113,
				"y": 817,
				"w": 110,
				"h": 100
			},
			"rotated": false,
			"trimmed": false,
			"spriteSourceSize": {
				"x": 0,
				"y": 0,
				"w": 110,
				"h": 100
			},
			"sourceSize": {
				"w": 110,
				"h": 100
			}
		},
		"transform_yellow_00021.png": {
			"frame": {
				"x": 225,
				"y": 817,
				"w": 110,
				"h": 100
			},
			"rotated": false,
			"trimmed": false,
			"spriteSourceSize": {
				"x": 0,
				"y": 0,
				"w": 110,
				"h": 100
			},
			"sourceSize": {
				"w": 110,
				"h": 100
			}
		},
		"transform_yellow_00022.png": {
			"frame": {
				"x": 337,
				"y": 817,
				"w": 110,
				"h": 100
			},
			"rotated": false,
			"trimmed": false,
			"spriteSourceSize": {
				"x": 0,
				"y": 0,
				"w": 110,
				"h": 100
			},
			"sourceSize": {
				"w": 110,
				"h": 100
			}
		},
		"transform_yellow_00023.png": {
			"frame": {
				"x": 449,
				"y": 817,
				"w": 110,
				"h": 100
			},
			"rotated": false,
			"trimmed": false,
			"spriteSourceSize": {
				"x": 0,
				"y": 0,
				"w": 110,
				"h": 100
			},
			"sourceSize": {
				"w": 110,
				"h": 100
			}
		},
		"transform_yellow_00024.png": {
			"frame": {
				"x": 561,
				"y": 817,
				"w": 110,
				"h": 100
			},
			"rotated": false,
			"trimmed": false,
			"spriteSourceSize": {
				"x": 0,
				"y": 0,
				"w": 110,
				"h": 100
			},
			"sourceSize": {
				"w": 110,
				"h": 100
			}
		},
		"transform_yellow_00025.png": {
			"frame": {
				"x": 673,
				"y": 817,
				"w": 110,
				"h": 100
			},
			"rotated": false,
			"trimmed": false,
			"spriteSourceSize": {
				"x": 0,
				"y": 0,
				"w": 110,
				"h": 100
			},
			"sourceSize": {
				"w": 110,
				"h": 100
			}
		},
		"transform_yellow_00026.png": {
			"frame": {
				"x": 785,
				"y": 817,
				"w": 110,
				"h": 100
			},
			"rotated": false,
			"trimmed": false,
			"spriteSourceSize": {
				"x": 0,
				"y": 0,
				"w": 110,
				"h": 100
			},
			"sourceSize": {
				"w": 110,
				"h": 100
			}
		},
		"transform_yellow_00027.png": {
			"frame": {
				"x": 919,
				"y": 1,
				"w": 110,
				"h": 100
			},
			"rotated": false,
			"trimmed": false,
			"spriteSourceSize": {
				"x": 0,
				"y": 0,
				"w": 110,
				"h": 100
			},
			"sourceSize": {
				"w": 110,
				"h": 100
			}
		},
		"transform_yellow_00028.png": {
			"frame": {
				"x": 919,
				"y": 103,
				"w": 110,
				"h": 100
			},
			"rotated": false,
			"trimmed": false,
			"spriteSourceSize": {
				"x": 0,
				"y": 0,
				"w": 110,
				"h": 100
			},
			"sourceSize": {
				"w": 110,
				"h": 100
			}
		}
	},
	"meta": {
		"app": "http://www.codeandweb.com/texturepacker",
		"version": "1.0",
		"image": "spritesheet.png",
		"format": "RGBA8888",
		"size": {
			"w": 1030,
			"h": 918
		},
		"scale": "1"
	}
}